// Jest Snapshot v1, https://goo.gl/fbAQLP

exports[`Error Message Should render ErrorMessage component unchanged 1`] = `
<div>
  <div
    class="z-50 absolute bottom-5 left-5 bg-red-100 border-l-4 border-red-500 text-red-700 p-4"
    role="alert"
  >
    An Error
  </div>
</div>
`;
