// Jest Snapshot v1, https://goo.gl/fbAQLP

exports[`Spinner Should render spinner component unchanged 1`] = `
<div>
  <div
    class="absolute right-1/2 bottom-1/2  transform translate-x-1/2 translate-y-1/2 "
  >
    <div
      class="border-t-transparent border-solid animate-spin  rounded-full border-blue-500 border-8 h-40 w-40"
    />
  </div>
</div>
`;
