// Jest Snapshot v1, https://goo.gl/fbAQLP

exports[`renders send modal unchanged 1`] = `
<div>
  <div
    class="justify-center items-center flex fixed inset-0 z-50 outline-none focus:outline-none"
  >
    <form
      class="p-2 flex flex-col items-around bg-white rounded-md outline-none focus:outline-none"
    >
      <input
        class="p-3 m-1 bg-gray-800 text-white rounded-md focus:outline-none"
        placeholder="Address"
        type="text"
        value=""
      />
      <input
        class="p-3 m-1 bg-gray-800 text-white rounded-md focus:outline-none"
        placeholder="Amount (Eth)"
        type="text"
        value=""
      />
      <button
        class="bg-blue-500 text-white hover:bg-blue-600 font-bold uppercase text-sm p-3 m-1 rounded shadow hover:shadow-lg outline-none focus:outline-none mr-1 mb-1 ease-linear transition-all duration-150"
        type="submit"
      >
        Send
      </button>
    </form>
  </div>
  <div
    class="opacity-50 fixed inset-0 z-40 bg-black"
  />
</div>
`;

exports[`renders wallet page unchanged 1`] = `
<div>
  <div
    class="flex flex-col text-white justify-around items-center h-[250px]"
  >
    <span
      class="text-5xl"
      data-testid="eth-balance"
    >
      0
       ETH
    </span>
    <select
      class="m-[5px] py-2 px-4 bg-gray-800 text-white rounded-md focus:outline-none"
    >
      <option
        class="bg-gray-800"
        value="0x90F8bf6A479f320ead074411a4B0e7944Ea8c9C1"
      >
        0x90F...8c9C1
      </option>
      <option
        class="bg-gray-800"
        value="0xFFcf8FDEE72ac11b5c542428B35EEF5769C409f0"
      >
        0xFFc...409f0
      </option>
    </select>
    <div
      class="flex"
    >
      <div
        class="flex flex-col items-center mx-2"
      >
        <button
          class="bg-blue-500 hover:bg-blue-600 text-white text-l p-2 m-2 rounded-full"
          data-testid="send-button"
        >
          <svg
            fill="currentColor"
            height="1em"
            stroke="currentColor"
            stroke-width="0"
            viewBox="0 0 24 24"
            width="1em"
            xmlns="http://www.w3.org/2000/svg"
          >
            <path
              d="M2,7 L20,7 M16,2 L21,7 L16,12 M22,17 L4,17 M8,12 L3,17 L8,22"
              fill="none"
              stroke-width="2"
            />
          </svg>
        </button>
        <span>
          Send
        </span>
      </div>
      <div
        class="flex flex-col items-center mx-2"
      >
        <button
          class="bg-blue-500 hover:bg-blue-600 text-white text-l p-2 m-2 rounded-full"
        >
          <svg
            fill="currentColor"
            height="1em"
            stroke="currentColor"
            stroke-width="0"
            viewBox="0 0 24 24"
            width="1em"
            xmlns="http://www.w3.org/2000/svg"
          >
            <path
              d="M2.99787498,0.999999992 L17.4999998,0.999999992 L20.9999998,4.50000005 L21,23 L3,23 L2.99787498,0.999999992 Z M16,1 L16,6 L21,6 M12,20 L12,11 M8,14 L12,10 L16,14"
              fill="none"
              stroke-width="2"
            />
          </svg>
        </button>
        <span>
          Upload
        </span>
      </div>
    </div>
  </div>
</div>
`;
